******************************************************************************
              TMS320C55x Linker PC v4.4.1                      
******************************************************************************
>> Linked Fri Nov 14 20:00:41 2014

OUTPUT FILE NAME:   <IIR_Filter.out>
ENTRY POINT SYMBOL: "_c_int00"  address: 00020719


MEMORY CONFIGURATION

         name            origin    length      used     unused   attr    fill
                        (bytes)   (bytes)    (bytes)   (bytes)
----------------------  --------  ---------  --------  --------  ----  --------
PAGE 0:
  MMR                   00000000   000000c0  00000000  000000c0  RWIX
  DARAM0                000000c0   0000ff40  000030ca  0000ce76  RWIX
  SARAM0                00010000   00010000  00000000  00010000  RWIX
  SARAM1                00020000   00020000  00000769  0001f897  RWIX
  SARAM2                00040000   0000fe00  00000098  0000fd68  RWIX
  VECS                  0004fe00   00000200  00000100  00000100  RWIX
  PDROM                 00ff8000   00008000  00000000  00008000  R IX

PAGE 2:
  IOPORT                00000000   00020000  00000000  00020000  RWI 


SECTION ALLOCATION MAP
(Addresses surrounded by []'s are displayed for convenience only!)

output                                                          attributes/
section   page  orgn(bytes) orgn(words) len(bytes) len(words)   input sections
--------  ----  ----------- ----------- ---------- ----------   --------------
.pinit       0   [ 00040000 ]  00020000          *   00000000   UNINITIALIZED

.stack       0   [ 000000c0 ]  00000060          *   00001000   UNINITIALIZED
                 [ 000000c0 ]  00000060          *   00001000   --HOLE--

.data        0   [ 000000c0 ]  00000060          *   00000000   UNINITIALIZED

.sysstack 
*            0   [ 000020c0 ]  00001060          *   00000800   UNINITIALIZED
                 [ 000020c0 ]  00001060          *   00000800   --HOLE--

.bss         0   [ 000030c0 ]  00001860          *   00000065   UNINITIALIZED
                 [ 000030c0 ]  00001860          *   0000005c   main.obj (.bss)
                 [ 00003178 ]  000018bc          *   00000004   rts55x.lib : _lock.obj (.bss)
                 [ 00003180 ]  000018c0          *   00000004              : exit.obj (.bss)
                 [ 00003188 ]  000018c4          *   00000001   usbstk5515bsl.lib : usbstk5515_i2c.obj (.bss)

.text        0     00020000  [ 00010000 ] 00000769          *   
                   00020000  [ 00010000 ] 00000223          *   452_Labs_Essentials.lib : AIC_func.obj (.text)
                   00020223  [ 00010111+] 00000156          *   usbstk5515bsl.lib : usbstk5515_gpio.obj (.text)
                   00020379  [ 000101bc+] 0000013e          *                     : usbstk5515_i2c.obj (.text)
                   000204b7  [ 0001025b+] 00000138          *   main.obj (.text)
                   000205ef  [ 000102f7+] 00000054          *   usbstk5515bsl.lib : usbstk5515.obj (.text)
                   00020643  [ 00010321+] 0000004d          *   rts55x.lib : autoinit.obj (.text)
                   00020690  [ 00010348 ] 0000004b          *              : args_main.obj (.text)
                   000206db  [ 0001036d+] 0000003e          *              : exit.obj (.text)
                   00020719  [ 0001038c+] 00000034          *              : boot.obj (.text)
                   0002074d  [ 000103a6+] 00000012          *              : _lock.obj (.text)
                   0002075f  [ 000103af+] 00000007          *              : exit.obj (.text:CIO_breakpoint)
                   00020766  [ 000103b3 ] 00000002          *              : vectors.obj (.text)
                   00020768  [ 000103b4 ] 00000001          *   --HOLE-- [fill = 20]

.cinit       0   [ 00040000 ]  00020000          *   0000004c   
                 [ 00040000 ]  00020000          *   00000033   main.obj (.cinit)
                 [ 00040066 ]  00020033          *   0000000a   rts55x.lib : _lock.obj (.cinit)
                 [ 0004007a ]  0002003d          *   0000000a              : exit.obj (.cinit)
                 [ 0004008e ]  00020047          *   00000004   usbstk5515bsl.lib : usbstk5515_i2c.obj (.cinit)
                 [ 00040096 ]  0002004b          *   00000001   --HOLE-- [fill = 0]

vectors      0     0004fe00  [ 00027f00 ] 00000100          *   
                   0004fe00  [ 00027f00 ] 00000100          *   rts55x.lib : vectors.obj (vectors)


GLOBAL SYMBOLS: SORTED ALPHABETICALLY BY Name 

abs. value/
byte addr   word addr   name
---------   ---------   ----
00000002                $TI_capability$C5500$CallingConvention
00000002                $TI_capability$C5500$MemoryModel
00000001                $TI_capability_requires_rev3
ffffffff                .bss
ffffffff                .data
ffffffff                .text
00020760                C$$EXIT
00020000                _AIC3204_rset
00020022                _AIC_init
0002021c                _AIC_off
000201c4                _AIC_read2
000201f7                _AIC_write2
000204b7                _IIR_DF1
0004fe00                _Reset
00020321                _USBSTK5515_GPIO_getInput
00020223                _USBSTK5515_GPIO_init
00020227                _USBSTK5515_GPIO_setDirection
000202a4                _USBSTK5515_GPIO_setOutput
00020398                _USBSTK5515_I2C_close
00020379                _USBSTK5515_I2C_init
0002043e                _USBSTK5515_I2C_read
000203a1                _USBSTK5515_I2C_reset
000203af                _USBSTK5515_I2C_write
00020635                _USBSTK5515_init
000205ef                _USBSTK5515_wait
00020623                _USBSTK5515_waitusec
            00001060    __STACK_END
00002000                __STACK_SIZE
00001000                __SYSSTACK_SIZE
00000001                __TI_args_main
ffffffff                ___binit__
ffffffff                ___bss__
ffffffff                ___c_args__
            00020000    ___cinit__
ffffffff                ___data__
ffffffff                ___edata__
ffffffff                ___end__
ffffffff                ___etext__
ffffffff                ___pinit__
ffffffff                ___text__
00020690                __args_main
            000018c0    __cleanup_ptr
            000018c2    __dtors_ptr
            000018bc    __lock
0002075d                __nop
00020755                __register_lock
0002074d                __register_unlock
            00000060    __stack
            00001060    __sysstack
            000018be    __unlock
0002075f                _abort
00020643                _auto_init
            00001863    _biq
            0000188c    _biq_32
00020719                _c_int00
            0000187b    _delay_DF1_buff
            00001862    _delta_time
            00001861    _end_time
000206db                _exit
            000018c4    _i2c_timeout
00020547                _main
            00001860    _start_time
ffffffff                binit
            00020000    cinit
ffffffff                edata
ffffffff                end
ffffffff                etext
ffffffff                pinit


GLOBAL SYMBOLS: SORTED BY Symbol Address 

abs. value/
byte addr   word addr   name
---------   ---------   ----
00000001                $TI_capability_requires_rev3
00000001                __TI_args_main
00000002                $TI_capability$C5500$CallingConvention
00000002                $TI_capability$C5500$MemoryModel
            00000060    __stack
00001000                __SYSSTACK_SIZE
00002000                __STACK_SIZE
            00001060    __STACK_END
            00001060    __sysstack
            00001860    _start_time
            00001861    _end_time
            00001862    _delta_time
            00001863    _biq
            0000187b    _delay_DF1_buff
            0000188c    _biq_32
            000018bc    __lock
            000018be    __unlock
            000018c0    __cleanup_ptr
            000018c2    __dtors_ptr
            000018c4    _i2c_timeout
00020000                _AIC3204_rset
00020022                _AIC_init
000201c4                _AIC_read2
000201f7                _AIC_write2
0002021c                _AIC_off
00020223                _USBSTK5515_GPIO_init
00020227                _USBSTK5515_GPIO_setDirection
000202a4                _USBSTK5515_GPIO_setOutput
00020321                _USBSTK5515_GPIO_getInput
00020379                _USBSTK5515_I2C_init
00020398                _USBSTK5515_I2C_close
000203a1                _USBSTK5515_I2C_reset
000203af                _USBSTK5515_I2C_write
0002043e                _USBSTK5515_I2C_read
000204b7                _IIR_DF1
00020547                _main
000205ef                _USBSTK5515_wait
00020623                _USBSTK5515_waitusec
00020635                _USBSTK5515_init
00020643                _auto_init
00020690                __args_main
000206db                _exit
00020719                _c_int00
0002074d                __register_unlock
00020755                __register_lock
0002075d                __nop
0002075f                _abort
00020760                C$$EXIT
            00020000    ___cinit__
            00020000    cinit
0004fe00                _Reset
ffffffff                .bss
ffffffff                .data
ffffffff                .text
ffffffff                ___binit__
ffffffff                ___bss__
ffffffff                ___c_args__
ffffffff                ___data__
ffffffff                ___edata__
ffffffff                ___end__
ffffffff                ___etext__
ffffffff                ___pinit__
ffffffff                ___text__
ffffffff                binit
ffffffff                edata
ffffffff                end
ffffffff                etext
ffffffff                pinit

[68 symbols]
