******************************************************************************
              TMS320C55x Linker PC v4.4.1                      
******************************************************************************
>> Linked Tue Nov 25 00:55:47 2014

OUTPUT FILE NAME:   <NewerFeedbackDesctruction.out>
ENTRY POINT SYMBOL: "_c_int00"  address: 000215f7


MEMORY CONFIGURATION

         name            origin    length      used     unused   attr    fill
                        (bytes)   (bytes)    (bytes)   (bytes)
----------------------  --------  ---------  --------  --------  ----  --------
PAGE 0:
  MMR                   00000000   000000c0  00000000  000000c0  RWIX
  DARAM0                000000c0   0000ff40  000084a8  00007a98  RWIX
  SARAM0                00010000   00010000  00000000  00010000  RWIX
  SARAM1                00020000   00020000  0000165a  0001e9a6  RWIX
  SARAM2                00040000   0000fe00  0000005a  0000fda6  RWIX
  VECS                  0004fe00   00000200  00000100  00000100  RWIX
  PDROM                 00ff8000   00008000  00000000  00008000  R IX

PAGE 2:
  IOPORT                00000000   00020000  00000000  00020000  RWI 


SECTION ALLOCATION MAP
(Addresses surrounded by []'s are displayed for convenience only!)

output                                                          attributes/
section   page  orgn(bytes) orgn(words) len(bytes) len(words)   input sections
--------  ----  ----------- ----------- ---------- ----------   --------------
.pinit       0   [ 00040000 ]  00020000          *   00000000   UNINITIALIZED

.stack       0   [ 000000c0 ]  00000060          *   00001000   UNINITIALIZED
                 [ 000000c0 ]  00000060          *   00001000   --HOLE--

.sysstack 
*            0   [ 000020c0 ]  00001060          *   00000800   UNINITIALIZED
                 [ 000020c0 ]  00001060          *   00000800   --HOLE--

.const       0   [ 000030c0 ]  00001860          *   00001a00   
                 [ 000030c0 ]  00001860          *   00001800   tunable_filter.obj (.const:_filters)
                 [ 000060c0 ]  00003060          *   00000200   FFT.obj (.const:_chebwin512)

.bss         0   [ 000064c0 ]  00003260          *   00000c54   UNINITIALIZED
                 [ 000064c0 ]  00003260          *   00000c05   graphics_main.obj (.bss)
                 [ 00007cca ]  00003e65          *   00000001   XVGA.obj (.bss)
                 [ 00007ccc ]  00003e66          *   0000002a   AdaptiveNotch.obj (.bss)
                 [ 00007d20 ]  00003e90          *   0000000c   noise_gate.obj (.bss)
                 [ 00007d38 ]  00003e9c          *   00000008   FFT.obj (.bss)
                 [ 00007d48 ]  00003ea4          *   00000004   55xdspx_LARGE.lib : cfft_scale.obj (.bss)
                 [ 00007d50 ]  00003ea8          *   00000004   rts55x.lib : _lock.obj (.bss)
                 [ 00007d58 ]  00003eac          *   00000004              : exit.obj (.bss)
                 [ 00007d60 ]  00003eb0          *   00000003   452_Labs_Essentials.lib : sar.obj (.bss)
                 [ 00007d66 ]  00003eb3          *   00000001   usbstk5515bsl.lib : usbstk5515_i2c.obj (.bss)

.data        0   [ 00007d68 ]  00003eb4          *   00000400   
                 [ 00007d68 ]  00003eb4          *   00000400   55xdspx_LARGE.lib : twiddle.obj (.data:twiddle)

.text        0     00020000  [ 00010000 ] 0000165a          *   
                   00020000  [ 00010000 ] 00000230          *   452_Labs_Essentials.lib : sar.obj (.text)
                   00020230  [ 00010118 ] 00000225          *   AdaptiveNotch.obj (.text)
                   00020455  [ 0001022a+] 00000223          *   452_Labs_Essentials.lib : AIC_func.obj (.text)
                   00020678  [ 0001033c ] 000001ee          *   55xdspx_LARGE.lib : cfft_scale.obj (.text)
                   00020866  [ 00010433 ] 000001a8          *   FFT.obj (.text)
                   00020a0e  [ 00010507 ] 000001a7          *   noise_gate.obj (.text)
                   00020bb5  [ 000105da+] 00000156          *   usbstk5515bsl.lib : usbstk5515_gpio.obj (.text)
                   00020d0b  [ 00010685+] 00000152          *   graphics_main.obj (.text:retain)
                   00020e5d  [ 0001072e+] 0000013e          *   usbstk5515bsl.lib : usbstk5515_i2c.obj (.text)
                   00020f9b  [ 000107cd+] 0000011b          *   graphics_main.obj (.text)
                   000210b6  [ 0001085b ] 000000de          *   55xdspx_LARGE.lib : cbrev.obj (.text:cbrev)
                   00021194  [ 000108ca ] 000000af          *   tunable_filter.obj (.text)
                   00021243  [ 00010921+] 000000a1          *   rts55x.lib : divul.obj (.text)
                   000212e4  [ 00010972 ] 00000080          *   Spi.obj (.text)
                   00021364  [ 000109b2 ] 0000007e          *   XVGA.obj (.text)
                   000213e2  [ 000109f1 ] 00000054          *   usbstk5515bsl.lib : usbstk5515.obj (.text)
                   00021436  [ 00010a1b ] 00000053          *   LED.obj (.text)
                   00021489  [ 00010a44+] 00000050          *   C5515_eZdsp.obj (.text)
                   000214d9  [ 00010a6c+] 0000004d          *   rts55x.lib : autoinit.obj (.text)
                   00021526  [ 00010a93 ] 0000004b          *              : args_main.obj (.text)
                   00021571  [ 00010ab8+] 00000048          *              : divli.obj (.text)
                   000215b9  [ 00010adc+] 0000003e          *              : exit.obj (.text)
                   000215f7  [ 00010afb+] 00000034          *              : boot.obj (.text)
                   0002162b  [ 00010b15+] 00000013          *              : lmpy.obj (.text)
                   0002163e  [ 00010b1f ] 00000012          *              : _lock.obj (.text)
                   00021650  [ 00010b28 ] 00000007          *              : exit.obj (.text:CIO_breakpoint)
                   00021657  [ 00010b2b+] 00000002          *              : vectors.obj (.text)
                   00021659  [ 00010b2c ] 00000001          *   --HOLE-- [fill = 20]

.cinit       0   [ 00040000 ]  00020000          *   0000002d   
                 [ 00040000 ]  00020000          *   0000000c   452_Labs_Essentials.lib : sar.obj (.cinit)
                 [ 00040018 ]  0002000c          *   0000000a   rts55x.lib : _lock.obj (.cinit)
                 [ 0004002c ]  00020016          *   0000000a              : exit.obj (.cinit)
                 [ 00040040 ]  00020020          *   00000004   XVGA.obj (.cinit)
                 [ 00040048 ]  00020024          *   00000004   noise_gate.obj (.cinit)
                 [ 00040050 ]  00020028          *   00000004   usbstk5515bsl.lib : usbstk5515_i2c.obj (.cinit)
                 [ 00040058 ]  0002002c          *   00000001   --HOLE-- [fill = 0]

vectors      0     0004fe00  [ 00027f00 ] 00000100          *   
                   0004fe00  [ 00027f00 ] 00000100          *   rts55x.lib : vectors.obj (vectors)


GLOBAL SYMBOLS: SORTED ALPHABETICALLY BY Name 

abs. value/
byte addr   word addr   name
---------   ---------   ----
00000002                $TI_capability$C5500$CallingConvention
00000002                $TI_capability$C5500$MemoryModel
00000001                $TI_capability_requires_rev3
ffffffff                .bss
ffffffff                .data
ffffffff                .text
00021651                C$$EXIT
0002162b                I$$LMPY
00020455                _AIC3204_rset
00020477                _AIC_init
00020671                _AIC_off
00020619                _AIC_read2
0002064c                _AIC_write2
000214d1                _ConfigPort
            00003260    _Counter
000213b1                _Draw
0002097a                _FFTready
00020866                _FFracSqrt
00020192                _Get_Key_Human
00020089                _Get_Sar_Key
00021395                _GoTo
00020d0b                _I2S_ISR
00020f9b                _I2S_interrupt_setup
00021204                _IIR_DF1
00021328                _InitSpi
00021489                _InitSystem
00020000                _Init_SAR
0002146f                _My_LED_init
00020018                _Read_GPAIN1
0004fe00                _Reset
000212e4                _SPIsend
000212e4                _TX_Put
00020cb3                _USBSTK5515_GPIO_getInput
00020bb5                _USBSTK5515_GPIO_init
00020bb9                _USBSTK5515_GPIO_setDirection
00020c36                _USBSTK5515_GPIO_setOutput
00020e7c                _USBSTK5515_I2C_close
00020e5d                _USBSTK5515_I2C_init
00020f22                _USBSTK5515_I2C_read
00020e85                _USBSTK5515_I2C_reset
00020e93                _USBSTK5515_I2C_write
00021428                _USBSTK5515_init
000213e2                _USBSTK5515_wait
00021416                _USBSTK5515_waitusec
00021364                _XVGAinit
            00001060    __STACK_END
00002000                __STACK_SIZE
00001000                __SYSSTACK_SIZE
00000001                __TI_args_main
ffffffff                ___binit__
ffffffff                ___bss__
ffffffff                ___c_args__
            00020000    ___cinit__
ffffffff                ___data__
ffffffff                ___edata__
ffffffff                ___end__
ffffffff                ___etext__
ffffffff                ___pinit__
ffffffff                ___text__
00021526                __args_main
            00003eac    __cleanup_ptr
00021571                __divli
00021243                __divul
            00003eae    __dtors_ptr
            00003ea8    __lock
0002162b                __mpyli
0002164e                __nop
00021646                __register_lock
0002163e                __register_unlock
            00000060    __stack
            00001060    __sysstack
            00003eaa    __unlock
00021650                _abort
00020415                _applyNotches
000214d9                _auto_init
            00003262    _bOne
            00003a62    _bOut
            00003662    _bTwo
            00003e6c    _biq
000215f7                _c_int00
            00003e7e    _cancelBuffs
000210b6                _cbrev
00020678                _cfft_SCALE
            00003e8c    _didRepeat
000203c6                _drawNotches
000203a6                _drawThreshold
000215b9                _exit
            00003e8e    _fftBin
            00003e9c    _fftCounter
            00003e66    _filterCenter
            00003e64    _filterOn
            00003e63    _gateOn
            00003eb3    _i2c_timeout
000209f4                _initFFT
000211ee                _initFilter
0002030b                _initNotches
            00003eb1    _keyCnt1
            00003eb2    _keyCnt2
00020fd9                _main
            00003e8a    _next_buff
00020a0e                _noise_gate
00020ba0                _noise_gate_default
            00003e62    _output
            00003e9e    _pAIC
            00003ea2    _pDONE
            00003ea0    _pFFT
            00003e65    _pages
            00003eb0    _preKey
0002098e                _processFFT
00020943                _queueFFT
00021194                _redefineFilter
00020892                _showFFT
00020230                _stepNotch
00021436                _toggle_LED
ffffffff                binit
            00020000    cinit
ffffffff                edata
ffffffff                end
ffffffff                etext
ffffffff                pinit
            00003eb4    twiddle


GLOBAL SYMBOLS: SORTED BY Symbol Address 

abs. value/
byte addr   word addr   name
---------   ---------   ----
00000001                $TI_capability_requires_rev3
00000001                __TI_args_main
00000002                $TI_capability$C5500$CallingConvention
00000002                $TI_capability$C5500$MemoryModel
            00000060    __stack
00001000                __SYSSTACK_SIZE
00002000                __STACK_SIZE
            00001060    __STACK_END
            00001060    __sysstack
            00003260    _Counter
            00003262    _bOne
            00003662    _bTwo
            00003a62    _bOut
            00003e62    _output
            00003e63    _gateOn
            00003e64    _filterOn
            00003e65    _pages
            00003e66    _filterCenter
            00003e6c    _biq
            00003e7e    _cancelBuffs
            00003e8a    _next_buff
            00003e8c    _didRepeat
            00003e8e    _fftBin
            00003e9c    _fftCounter
            00003e9e    _pAIC
            00003ea0    _pFFT
            00003ea2    _pDONE
            00003ea8    __lock
            00003eaa    __unlock
            00003eac    __cleanup_ptr
            00003eae    __dtors_ptr
            00003eb0    _preKey
            00003eb1    _keyCnt1
            00003eb2    _keyCnt2
            00003eb3    _i2c_timeout
            00003eb4    twiddle
00020000                _Init_SAR
00020018                _Read_GPAIN1
00020089                _Get_Sar_Key
00020192                _Get_Key_Human
00020230                _stepNotch
0002030b                _initNotches
000203a6                _drawThreshold
000203c6                _drawNotches
00020415                _applyNotches
00020455                _AIC3204_rset
00020477                _AIC_init
00020619                _AIC_read2
0002064c                _AIC_write2
00020671                _AIC_off
00020678                _cfft_SCALE
00020866                _FFracSqrt
00020892                _showFFT
00020943                _queueFFT
0002097a                _FFTready
0002098e                _processFFT
000209f4                _initFFT
00020a0e                _noise_gate
00020ba0                _noise_gate_default
00020bb5                _USBSTK5515_GPIO_init
00020bb9                _USBSTK5515_GPIO_setDirection
00020c36                _USBSTK5515_GPIO_setOutput
00020cb3                _USBSTK5515_GPIO_getInput
00020d0b                _I2S_ISR
00020e5d                _USBSTK5515_I2C_init
00020e7c                _USBSTK5515_I2C_close
00020e85                _USBSTK5515_I2C_reset
00020e93                _USBSTK5515_I2C_write
00020f22                _USBSTK5515_I2C_read
00020f9b                _I2S_interrupt_setup
00020fd9                _main
000210b6                _cbrev
00021194                _redefineFilter
000211ee                _initFilter
00021204                _IIR_DF1
00021243                __divul
000212e4                _SPIsend
000212e4                _TX_Put
00021328                _InitSpi
00021364                _XVGAinit
00021395                _GoTo
000213b1                _Draw
000213e2                _USBSTK5515_wait
00021416                _USBSTK5515_waitusec
00021428                _USBSTK5515_init
00021436                _toggle_LED
0002146f                _My_LED_init
00021489                _InitSystem
000214d1                _ConfigPort
000214d9                _auto_init
00021526                __args_main
00021571                __divli
000215b9                _exit
000215f7                _c_int00
0002162b                I$$LMPY
0002162b                __mpyli
0002163e                __register_unlock
00021646                __register_lock
0002164e                __nop
00021650                _abort
00021651                C$$EXIT
            00020000    ___cinit__
            00020000    cinit
0004fe00                _Reset
ffffffff                .bss
ffffffff                .data
ffffffff                .text
ffffffff                ___binit__
ffffffff                ___bss__
ffffffff                ___c_args__
ffffffff                ___data__
ffffffff                ___edata__
ffffffff                ___end__
ffffffff                ___etext__
ffffffff                ___pinit__
ffffffff                ___text__
ffffffff                binit
ffffffff                edata
ffffffff                end
ffffffff                etext
ffffffff                pinit

[121 symbols]
