******************************************************************************
              TMS320C55x Linker PC v4.4.1                      
******************************************************************************
>> Linked Sun Nov 16 00:22:50 2014

OUTPUT FILE NAME:   <Tunable_IIR_Filter.out>
ENTRY POINT SYMBOL: "_c_int00"  address: 00020759


MEMORY CONFIGURATION

         name            origin    length      used     unused   attr    fill
                        (bytes)   (bytes)    (bytes)   (bytes)
----------------------  --------  ---------  --------  --------  ----  --------
PAGE 0:
  MMR                   00000000   000000c0  00000000  000000c0  RWIX
  DARAM0                000000c0   0000ff40  00006046  00009efa  RWIX
  SARAM0                00010000   00010000  00000000  00010000  RWIX
  SARAM1                00020000   00020000  000007a9  0001f857  RWIX
  SARAM2                00040000   0000fe00  00000050  0000fdb0  RWIX
  VECS                  0004fe00   00000200  00000100  00000100  RWIX
  PDROM                 00ff8000   00008000  00000000  00008000  R IX

PAGE 2:
  IOPORT                00000000   00020000  00000000  00020000  RWI 


SECTION ALLOCATION MAP
(Addresses surrounded by []'s are displayed for convenience only!)

output                                                          attributes/
section   page  orgn(bytes) orgn(words) len(bytes) len(words)   input sections
--------  ----  ----------- ----------- ---------- ----------   --------------
.pinit       0   [ 00040000 ]  00020000          *   00000000   UNINITIALIZED

.stack       0   [ 000000c0 ]  00000060          *   00001000   UNINITIALIZED
                 [ 000000c0 ]  00000060          *   00001000   --HOLE--

.data        0   [ 000000c0 ]  00000060          *   00000000   UNINITIALIZED

.sysstack 
*            0   [ 000020c0 ]  00001060          *   00000800   UNINITIALIZED
                 [ 000020c0 ]  00001060          *   00000800   --HOLE--

.const       0   [ 000030c0 ]  00001860          *   00001800   
                 [ 000030c0 ]  00001860          *   00001800   tunable_filter.obj (.const:_filters)

.bss         0   [ 000060c0 ]  00003060          *   00000023   UNINITIALIZED
                 [ 000060c0 ]  00003060          *   0000001a   main.obj (.bss)
                 [ 000060f4 ]  0000307a          *   00000004   rts55x.lib : _lock.obj (.bss)
                 [ 000060fc ]  0000307e          *   00000004              : exit.obj (.bss)
                 [ 00006104 ]  00003082          *   00000001   usbstk5515bsl.lib : usbstk5515_i2c.obj (.bss)

.text        0     00020000  [ 00010000 ] 000007a9          *   
                   00020000  [ 00010000 ] 00000223          *   452_Labs_Essentials.lib : AIC_func.obj (.text)
                   00020223  [ 00010111+] 00000156          *   usbstk5515bsl.lib : usbstk5515_gpio.obj (.text)
                   00020379  [ 000101bc+] 0000013e          *                     : usbstk5515_i2c.obj (.text)
                   000204b7  [ 0001025b+] 000000df          *   main.obj (.text)
                   00020596  [ 000102cb ] 00000099          *   tunable_filter.obj (.text)
                   0002062f  [ 00010317+] 00000054          *   usbstk5515bsl.lib : usbstk5515.obj (.text)
                   00020683  [ 00010341+] 0000004d          *   rts55x.lib : autoinit.obj (.text)
                   000206d0  [ 00010368 ] 0000004b          *              : args_main.obj (.text)
                   0002071b  [ 0001038d+] 0000003e          *              : exit.obj (.text)
                   00020759  [ 000103ac+] 00000034          *              : boot.obj (.text)
                   0002078d  [ 000103c6+] 00000012          *              : _lock.obj (.text)
                   0002079f  [ 000103cf+] 00000007          *              : exit.obj (.text:CIO_breakpoint)
                   000207a6  [ 000103d3 ] 00000002          *              : vectors.obj (.text)
                   000207a8  [ 000103d4 ] 00000001          *   --HOLE-- [fill = 20]

.cinit       0   [ 00040000 ]  00020000          *   00000028   
                 [ 00040000 ]  00020000          *   0000000f   main.obj (.cinit)
                 [ 0004001e ]  0002000f          *   0000000a   rts55x.lib : _lock.obj (.cinit)
                 [ 00040032 ]  00020019          *   0000000a              : exit.obj (.cinit)
                 [ 00040046 ]  00020023          *   00000004   usbstk5515bsl.lib : usbstk5515_i2c.obj (.cinit)
                 [ 0004004e ]  00020027          *   00000001   --HOLE-- [fill = 0]

vectors      0     0004fe00  [ 00027f00 ] 00000100          *   
                   0004fe00  [ 00027f00 ] 00000100          *   rts55x.lib : vectors.obj (vectors)


GLOBAL SYMBOLS: SORTED ALPHABETICALLY BY Name 

abs. value/
byte addr   word addr   name
---------   ---------   ----
00000002                $TI_capability$C5500$CallingConvention
00000002                $TI_capability$C5500$MemoryModel
00000001                $TI_capability_requires_rev3
ffffffff                .bss
ffffffff                .data
ffffffff                .text
000207a0                C$$EXIT
00020000                _AIC3204_rset
00020022                _AIC_init
0002021c                _AIC_off
000201c4                _AIC_read2
000201f7                _AIC_write2
000205f0                _IIR_DF1
000204f0                _My_LED_init
0004fe00                _Reset
00020321                _USBSTK5515_GPIO_getInput
00020223                _USBSTK5515_GPIO_init
00020227                _USBSTK5515_GPIO_setDirection
000202a4                _USBSTK5515_GPIO_setOutput
00020398                _USBSTK5515_I2C_close
00020379                _USBSTK5515_I2C_init
0002043e                _USBSTK5515_I2C_read
000203a1                _USBSTK5515_I2C_reset
000203af                _USBSTK5515_I2C_write
00020675                _USBSTK5515_init
0002062f                _USBSTK5515_wait
00020663                _USBSTK5515_waitusec
            00001060    __STACK_END
00002000                __STACK_SIZE
00001000                __SYSSTACK_SIZE
00000001                __TI_args_main
ffffffff                ___binit__
ffffffff                ___bss__
ffffffff                ___c_args__
            00020000    ___cinit__
ffffffff                ___data__
ffffffff                ___edata__
ffffffff                ___end__
ffffffff                ___etext__
ffffffff                ___pinit__
ffffffff                ___text__
000206d0                __args_main
            0000307e    __cleanup_ptr
            00003080    __dtors_ptr
            0000307a    __lock
0002079d                __nop
00020795                __register_lock
0002078d                __register_unlock
            00000060    __stack
            00001060    __sysstack
            0000307c    __unlock
0002079f                _abort
00020683                _auto_init
            00003060    _biq
            0000306e    _biq_32
00020759                _c_int00
            00003069    _delay_DF1_buff
            00003068    _delta_time
            00003067    _end_time
0002071b                _exit
            00003082    _i2c_timeout
0002050a                _main
00020596                _redefineFilter
            00003066    _start_time
000204b7                _toggle_LED
ffffffff                binit
            00020000    cinit
ffffffff                edata
ffffffff                end
ffffffff                etext
ffffffff                pinit


GLOBAL SYMBOLS: SORTED BY Symbol Address 

abs. value/
byte addr   word addr   name
---------   ---------   ----
00000001                $TI_capability_requires_rev3
00000001                __TI_args_main
00000002                $TI_capability$C5500$CallingConvention
00000002                $TI_capability$C5500$MemoryModel
            00000060    __stack
00001000                __SYSSTACK_SIZE
00002000                __STACK_SIZE
            00001060    __STACK_END
            00001060    __sysstack
            00003060    _biq
            00003066    _start_time
            00003067    _end_time
            00003068    _delta_time
            00003069    _delay_DF1_buff
            0000306e    _biq_32
            0000307a    __lock
            0000307c    __unlock
            0000307e    __cleanup_ptr
            00003080    __dtors_ptr
            00003082    _i2c_timeout
00020000                _AIC3204_rset
00020022                _AIC_init
000201c4                _AIC_read2
000201f7                _AIC_write2
0002021c                _AIC_off
00020223                _USBSTK5515_GPIO_init
00020227                _USBSTK5515_GPIO_setDirection
000202a4                _USBSTK5515_GPIO_setOutput
00020321                _USBSTK5515_GPIO_getInput
00020379                _USBSTK5515_I2C_init
00020398                _USBSTK5515_I2C_close
000203a1                _USBSTK5515_I2C_reset
000203af                _USBSTK5515_I2C_write
0002043e                _USBSTK5515_I2C_read
000204b7                _toggle_LED
000204f0                _My_LED_init
0002050a                _main
00020596                _redefineFilter
000205f0                _IIR_DF1
0002062f                _USBSTK5515_wait
00020663                _USBSTK5515_waitusec
00020675                _USBSTK5515_init
00020683                _auto_init
000206d0                __args_main
0002071b                _exit
00020759                _c_int00
0002078d                __register_unlock
00020795                __register_lock
0002079d                __nop
0002079f                _abort
000207a0                C$$EXIT
            00020000    ___cinit__
            00020000    cinit
0004fe00                _Reset
ffffffff                .bss
ffffffff                .data
ffffffff                .text
ffffffff                ___binit__
ffffffff                ___bss__
ffffffff                ___c_args__
ffffffff                ___data__
ffffffff                ___edata__
ffffffff                ___end__
ffffffff                ___etext__
ffffffff                ___pinit__
ffffffff                ___text__
ffffffff                binit
ffffffff                edata
ffffffff                end
ffffffff                etext
ffffffff                pinit

[71 symbols]
